// Jest Snapshot v1, https://goo.gl/fbAQLP

exports[`InfiniteLoader should render InfiniteLoader 1`] = `
ShallowWrapper {
  "length": 1,
  Symbol(enzyme.__root__): [Circular],
  Symbol(enzyme.__unrendered__): <InfiniteLoader />,
  Symbol(enzyme.__renderer__): Object {
    "batchedUpdates": [Function],
    "getNode": [Function],
    "render": [Function],
    "simulateEvent": [Function],
    "unmount": [Function],
  },
  Symbol(enzyme.__node__): Object {
    "instance": null,
    "key": undefined,
    "nodeType": "class",
    "props": Object {
      "children": <img
        alt="Loading more repositories"
        src="https://loading.io/spinners/infinity/lg.infinity-rotate-cycle-loader.gif"
/>,
    },
    "ref": null,
    "rendered": Object {
      "instance": null,
      "key": undefined,
      "nodeType": "host",
      "props": Object {
        "alt": "Loading more repositories",
        "src": "https://loading.io/spinners/infinity/lg.infinity-rotate-cycle-loader.gif",
      },
      "ref": null,
      "rendered": null,
      "type": "img",
    },
    "type": [Function],
  },
  Symbol(enzyme.__nodes__): Array [
    Object {
      "instance": null,
      "key": undefined,
      "nodeType": "class",
      "props": Object {
        "children": <img
          alt="Loading more repositories"
          src="https://loading.io/spinners/infinity/lg.infinity-rotate-cycle-loader.gif"
/>,
      },
      "ref": null,
      "rendered": Object {
        "instance": null,
        "key": undefined,
        "nodeType": "host",
        "props": Object {
          "alt": "Loading more repositories",
          "src": "https://loading.io/spinners/infinity/lg.infinity-rotate-cycle-loader.gif",
        },
        "ref": null,
        "rendered": null,
        "type": "img",
      },
      "type": [Function],
    },
  ],
  Symbol(enzyme.__options__): Object {
    "adapter": ReactSixteenAdapter {
      "options": Object {
        "enableComponentDidUpdateOnSetState": true,
      },
    },
  },
}
`;
